# coldboot started 2026-10-01T17:01:38+0200 argv=['tools/stability.py', 'coldboot', '--runs', '1', '--head1-delay', '240']

=== run 1/1 (graceful shutdown, head1_delay=240s, integrity=0)
$ ansible-playbook playbooks/common/shutdown.yml

PLAY [Gracefully Shutdown Lustre Cluster] **************************************

TASK [Gathering Facts] *********************************************************
ok: [Rocky-Head-1]

TASK [Unmount Lustre filesystems on clients] ***********************************
skipping: [Rocky-Head-1]

TASK [Shutdown the node] *******************************************************
changed: [Rocky-Head-1]

PLAY [Gracefully Shutdown Lustre Cluster] **************************************

TASK [Gathering Facts] *********************************************************
ok: [Rocky-Head-2]

TASK [Unmount Lustre filesystems on clients] ***********************************
skipping: [Rocky-Head-2]

TASK [Shutdown the node] *******************************************************
changed: [Rocky-Head-2]

PLAY [Gracefully Shutdown Lustre Cluster] **************************************

TASK [Gathering Facts] *********************************************************
[WARNING]: Timeout exceeded when getting mount info for /mnt/lustre
ok: [Rocky-Compute-1]

TASK [Unmount Lustre filesystems on clients] ***********************************
changed: [Rocky-Compute-1]

TASK [Shutdown the node] *******************************************************
changed: [Rocky-Compute-1]

PLAY [Gracefully Shutdown Lustre Cluster] **************************************

TASK [Gathering Facts] *********************************************************
ok: [Rocky-Compute-2]

TASK [Unmount Lustre filesystems on clients] ***********************************
changed: [Rocky-Compute-2]

TASK [Shutdown the node] *******************************************************
changed: [Rocky-Compute-2]

PLAY [Gracefully Shutdown Lustre Cluster] **************************************

TASK [Gathering Facts] *********************************************************
ok: [Rocky-Compute-3]

TASK [Unmount Lustre filesystems on clients] ***********************************
changed: [Rocky-Compute-3]

TASK [Shutdown the node] *******************************************************
changed: [Rocky-Compute-3]

PLAY [Gracefully Shutdown Lustre Cluster] **************************************

TASK [Gathering Facts] *********************************************************
ok: [Rocky-Compute-4]

TASK [Unmount Lustre filesystems on clients] ***********************************
changed: [Rocky-Compute-4]

TASK [Shutdown the node] *******************************************************
changed: [Rocky-Compute-4]

PLAY [Gracefully Shutdown Lustre Cluster] **************************************

TASK [Gathering Facts] *********************************************************
ok: [Rocky-Compute-5]

TASK [Unmount Lustre filesystems on clients] ***********************************
changed: [Rocky-Compute-5]

TASK [Shutdown the node] *******************************************************
changed: [Rocky-Compute-5]

PLAY [Gracefully Shutdown Lustre Cluster] **************************************

TASK [Gathering Facts] *********************************************************
ok: [Rocky-Compute-6]

TASK [Unmount Lustre filesystems on clients] ***********************************
changed: [Rocky-Compute-6]

TASK [Shutdown the node] *******************************************************
changed: [Rocky-Compute-6]

PLAY [Gracefully Shutdown Lustre Cluster] **************************************

TASK [Gathering Facts] *********************************************************
ok: [Rocky-Compute-7]

TASK [Unmount Lustre filesystems on clients] ***********************************
changed: [Rocky-Compute-7]

TASK [Shutdown the node] *******************************************************
changed: [Rocky-Compute-7]

PLAY [Gracefully Shutdown Lustre Cluster] **************************************

TASK [Gathering Facts] *********************************************************
ok: [Rocky-Compute-8]

TASK [Unmount Lustre filesystems on clients] ***********************************
changed: [Rocky-Compute-8]

TASK [Shutdown the node] *******************************************************
changed: [Rocky-Compute-8]

PLAY RECAP *********************************************************************
Rocky-Compute-1            : ok=3    changed=2    unreachable=0    failed=0    skipped=0    rescued=0    ignored=0   
Rocky-Compute-2            : ok=3    changed=2    unreachable=0    failed=0    skipped=0    rescued=0    ignored=0   
Rocky-Compute-3            : ok=3    changed=2    unreachable=0    failed=0    skipped=0    rescued=0    ignored=0   
Rocky-Compute-4            : ok=3    changed=2    unreachable=0    failed=0    skipped=0    rescued=0    ignored=0   
Rocky-Compute-5            : ok=3    changed=2    unreachable=0    failed=0    skipped=0    rescued=0    ignored=0   
Rocky-Compute-6            : ok=3    changed=2    unreachable=0    failed=0    skipped=0    rescued=0    ignored=0   
Rocky-Compute-7            : ok=3    changed=2    unreachable=0    failed=0    skipped=0    rescued=0    ignored=0   
Rocky-Compute-8            : ok=3    changed=2    unreachable=0    failed=0    skipped=0    rescued=0    ignored=0   
Rocky-Head-1               : ok=2    changed=1    unreachable=0    failed=0    skipped=1    rescued=0    ignored=0   
Rocky-Head-2               : ok=2    changed=1    unreachable=0    failed=0    skipped=1    rescued=0    ignored=0   

$ ansible-playbook playbooks/common/power.yml -e {"nodes": ["Rocky-Head-2", "Rocky-Compute-1", "Rocky-Compute-2", "Rocky-Compute-3", "Rocky-Compute-4", "Rocky-Compute-5", "Rocky-Compute-6", "Rocky-Compute-7", "Rocky-Compute-8"], "power_state": "on"}

PLAY [IPMI power control] ******************************************************

TASK [Power on] ****************************************************************
changed: [localhost] => (item=Rocky-Head-2)
changed: [localhost] => (item=Rocky-Compute-1)
changed: [localhost] => (item=Rocky-Compute-2)
changed: [localhost] => (item=Rocky-Compute-3)
changed: [localhost] => (item=Rocky-Compute-4)
changed: [localhost] => (item=Rocky-Compute-5)
changed: [localhost] => (item=Rocky-Compute-6)
changed: [localhost] => (item=Rocky-Compute-7)
changed: [localhost] => (item=Rocky-Compute-8)

PLAY RECAP *********************************************************************
localhost                  : ok=1    changed=1    unreachable=0    failed=0    skipped=0    rescued=0    ignored=0   

  holding Rocky-Head-1 off for 240s
$ ansible-playbook playbooks/common/power.yml -e {"nodes": ["Rocky-Head-1"], "power_state": "on"}

PLAY [IPMI power control] ******************************************************

TASK [Power on] ****************************************************************
changed: [localhost] => (item=Rocky-Head-1)

PLAY RECAP *********************************************************************
localhost                  : ok=1    changed=1    unreachable=0    failed=0    skipped=0    rescued=0    ignored=0   

  power-on commands done 246s after the first one
$ ansible Rocky-Head-1,Rocky-Head-2,Rocky-Compute-1,Rocky-Compute-2,Rocky-Compute-3,Rocky-Compute-4,Rocky-Compute-5,Rocky-Compute-6,Rocky-Compute-7,Rocky-Compute-8 -m shell -a 'mountpoint -q /mnt/lustre'
  [Rocky-Compute-1] rc=32 unreachable=False stdout=''
  [Rocky-Compute-2] rc=32 unreachable=False stdout=''
  [Rocky-Compute-3] rc=32 unreachable=False stdout=''
  [Rocky-Compute-4] rc=32 unreachable=False stdout=''
  [Rocky-Compute-5] rc=32 unreachable=False stdout=''
  [Rocky-Compute-6] rc=32 unreachable=False stdout=''
  [Rocky-Compute-7] rc=32 unreachable=False stdout=''
  [Rocky-Compute-8] rc=32 unreachable=False stdout=''
  [Rocky-Head-1] rc=None unreachable=True stdout=''
  [Rocky-Head-2] rc=32 unreachable=False stdout=''
  t=  250s  reachable 9/10  mounted 0/10
$ ansible Rocky-Head-1,Rocky-Head-2,Rocky-Compute-1,Rocky-Compute-2,Rocky-Compute-3,Rocky-Compute-4,Rocky-Compute-5,Rocky-Compute-6,Rocky-Compute-7,Rocky-Compute-8 -m shell -a 'mountpoint -q /mnt/lustre'
  [Rocky-Compute-1] rc=32 unreachable=False stdout=''
  [Rocky-Compute-2] rc=32 unreachable=False stdout=''
  [Rocky-Compute-3] rc=32 unreachable=False stdout=''
  [Rocky-Compute-4] rc=32 unreachable=False stdout=''
  [Rocky-Compute-5] rc=32 unreachable=False stdout=''
  [Rocky-Compute-6] rc=32 unreachable=False stdout=''
  [Rocky-Compute-7] rc=32 unreachable=False stdout=''
  [Rocky-Compute-8] rc=32 unreachable=False stdout=''
  [Rocky-Head-1] rc=None unreachable=True stdout=''
  [Rocky-Head-2] rc=32 unreachable=False stdout=''
  t=  273s  reachable 9/10  mounted 0/10
$ ansible Rocky-Head-1,Rocky-Head-2,Rocky-Compute-1,Rocky-Compute-2,Rocky-Compute-3,Rocky-Compute-4,Rocky-Compute-5,Rocky-Compute-6,Rocky-Compute-7,Rocky-Compute-8 -m shell -a 'mountpoint -q /mnt/lustre'
  [Rocky-Compute-1] rc=32 unreachable=False stdout=''
  [Rocky-Compute-2] rc=32 unreachable=False stdout=''
  [Rocky-Compute-3] rc=32 unreachable=False stdout=''
  [Rocky-Compute-4] rc=32 unreachable=False stdout=''
  [Rocky-Compute-5] rc=32 unreachable=False stdout=''
  [Rocky-Compute-6] rc=32 unreachable=False stdout=''
  [Rocky-Compute-7] rc=32 unreachable=False stdout=''
  [Rocky-Compute-8] rc=32 unreachable=False stdout=''
  [Rocky-Head-1] rc=None unreachable=True stdout=''
  [Rocky-Head-2] rc=32 unreachable=False stdout=''
  t=  297s  reachable 9/10  mounted 0/10
$ ansible Rocky-Head-1,Rocky-Head-2,Rocky-Compute-1,Rocky-Compute-2,Rocky-Compute-3,Rocky-Compute-4,Rocky-Compute-5,Rocky-Compute-6,Rocky-Compute-7,Rocky-Compute-8 -m shell -a 'mountpoint -q /mnt/lustre'
  [Rocky-Compute-1] rc=32 unreachable=False stdout=''
  [Rocky-Compute-2] rc=32 unreachable=False stdout=''
  [Rocky-Compute-3] rc=32 unreachable=False stdout=''
  [Rocky-Compute-4] rc=32 unreachable=False stdout=''
  [Rocky-Compute-5] rc=32 unreachable=False stdout=''
  [Rocky-Compute-6] rc=32 unreachable=False stdout=''
  [Rocky-Compute-7] rc=32 unreachable=False stdout=''
  [Rocky-Compute-8] rc=32 unreachable=False stdout=''
  [Rocky-Head-1] rc=None unreachable=True stdout=''
  [Rocky-Head-2] rc=32 unreachable=False stdout=''
  t=  320s  reachable 9/10  mounted 0/10
$ ansible Rocky-Head-1,Rocky-Head-2,Rocky-Compute-1,Rocky-Compute-2,Rocky-Compute-3,Rocky-Compute-4,Rocky-Compute-5,Rocky-Compute-6,Rocky-Compute-7,Rocky-Compute-8 -m shell -a 'mountpoint -q /mnt/lustre'
  [Rocky-Compute-1] rc=32 unreachable=False stdout=''
  [Rocky-Compute-2] rc=32 unreachable=False stdout=''
  [Rocky-Compute-3] rc=32 unreachable=False stdout=''
  [Rocky-Compute-4] rc=32 unreachable=False stdout=''
  [Rocky-Compute-5] rc=32 unreachable=False stdout=''
  [Rocky-Compute-6] rc=32 unreachable=False stdout=''
  [Rocky-Compute-7] rc=32 unreachable=False stdout=''
  [Rocky-Compute-8] rc=32 unreachable=False stdout=''
  [Rocky-Head-1] rc=None unreachable=True stdout=''
  [Rocky-Head-2] rc=32 unreachable=False stdout=''
  t=  344s  reachable 9/10  mounted 0/10
$ ansible Rocky-Head-1,Rocky-Head-2,Rocky-Compute-1,Rocky-Compute-2,Rocky-Compute-3,Rocky-Compute-4,Rocky-Compute-5,Rocky-Compute-6,Rocky-Compute-7,Rocky-Compute-8 -m shell -a 'mountpoint -q /mnt/lustre'
  [Rocky-Compute-1] rc=32 unreachable=False stdout=''
  [Rocky-Compute-2] rc=32 unreachable=False stdout=''
  [Rocky-Compute-3] rc=32 unreachable=False stdout=''
  [Rocky-Compute-4] rc=32 unreachable=False stdout=''
  [Rocky-Compute-5] rc=32 unreachable=False stdout=''
  [Rocky-Compute-6] rc=32 unreachable=False stdout=''
  [Rocky-Compute-7] rc=32 unreachable=False stdout=''
  [Rocky-Compute-8] rc=32 unreachable=False stdout=''
  [Rocky-Head-1] rc=None unreachable=True stdout=''
  [Rocky-Head-2] rc=32 unreachable=False stdout=''
  t=  368s  reachable 9/10  mounted 0/10
$ ansible Rocky-Head-1,Rocky-Head-2,Rocky-Compute-1,Rocky-Compute-2,Rocky-Compute-3,Rocky-Compute-4,Rocky-Compute-5,Rocky-Compute-6,Rocky-Compute-7,Rocky-Compute-8 -m shell -a 'mountpoint -q /mnt/lustre'
  [Rocky-Compute-1] rc=32 unreachable=False stdout=''
  [Rocky-Compute-2] rc=32 unreachable=False stdout=''
  [Rocky-Compute-3] rc=32 unreachable=False stdout=''
  [Rocky-Compute-4] rc=32 unreachable=False stdout=''
  [Rocky-Compute-5] rc=32 unreachable=False stdout=''
  [Rocky-Compute-6] rc=32 unreachable=False stdout=''
  [Rocky-Compute-7] rc=32 unreachable=False stdout=''
  [Rocky-Compute-8] rc=32 unreachable=False stdout=''
  [Rocky-Head-1] rc=None unreachable=True stdout=''
  [Rocky-Head-2] rc=32 unreachable=False stdout=''
  t=  391s  reachable 9/10  mounted 0/10
$ ansible Rocky-Head-1,Rocky-Head-2,Rocky-Compute-1,Rocky-Compute-2,Rocky-Compute-3,Rocky-Compute-4,Rocky-Compute-5,Rocky-Compute-6,Rocky-Compute-7,Rocky-Compute-8 -m shell -a 'mountpoint -q /mnt/lustre'
  [Rocky-Compute-1] rc=32 unreachable=False stdout=''
  [Rocky-Compute-2] rc=32 unreachable=False stdout=''
  [Rocky-Compute-3] rc=32 unreachable=False stdout=''
  [Rocky-Compute-4] rc=32 unreachable=False stdout=''
  [Rocky-Compute-5] rc=32 unreachable=False stdout=''
  [Rocky-Compute-6] rc=32 unreachable=False stdout=''
  [Rocky-Compute-7] rc=32 unreachable=False stdout=''
  [Rocky-Compute-8] rc=32 unreachable=False stdout=''
  [Rocky-Head-1] rc=None unreachable=True stdout=''
  [Rocky-Head-2] rc=32 unreachable=False stdout=''
  t=  415s  reachable 9/10  mounted 0/10
$ ansible Rocky-Head-1,Rocky-Head-2,Rocky-Compute-1,Rocky-Compute-2,Rocky-Compute-3,Rocky-Compute-4,Rocky-Compute-5,Rocky-Compute-6,Rocky-Compute-7,Rocky-Compute-8 -m shell -a 'mountpoint -q /mnt/lustre'
  [Rocky-Compute-1] rc=32 unreachable=False stdout=''
  [Rocky-Compute-2] rc=32 unreachable=False stdout=''
  [Rocky-Compute-3] rc=32 unreachable=False stdout=''
  [Rocky-Compute-4] rc=32 unreachable=False stdout=''
  [Rocky-Compute-5] rc=32 unreachable=False stdout=''
  [Rocky-Compute-6] rc=32 unreachable=False stdout=''
  [Rocky-Compute-7] rc=32 unreachable=False stdout=''
  [Rocky-Compute-8] rc=32 unreachable=False stdout=''
  [Rocky-Head-1] rc=None unreachable=True stdout=''
  [Rocky-Head-2] rc=32 unreachable=False stdout=''
  t=  438s  reachable 9/10  mounted 0/10
$ ansible Rocky-Head-1,Rocky-Head-2,Rocky-Compute-1,Rocky-Compute-2,Rocky-Compute-3,Rocky-Compute-4,Rocky-Compute-5,Rocky-Compute-6,Rocky-Compute-7,Rocky-Compute-8 -m shell -a 'mountpoint -q /mnt/lustre'
  [Rocky-Compute-1] rc=32 unreachable=False stdout=''
  [Rocky-Compute-2] rc=32 unreachable=False stdout=''
  [Rocky-Compute-3] rc=32 unreachable=False stdout=''
  [Rocky-Compute-4] rc=32 unreachable=False stdout=''
  [Rocky-Compute-5] rc=32 unreachable=False stdout=''
  [Rocky-Compute-6] rc=32 unreachable=False stdout=''
  [Rocky-Compute-7] rc=32 unreachable=False stdout=''
  [Rocky-Compute-8] rc=32 unreachable=False stdout=''
  [Rocky-Head-1] rc=0 unreachable=False stdout=''
  [Rocky-Head-2] rc=32 unreachable=False stdout=''
  t=  461s  reachable 10/10  mounted 1/10
$ ansible Rocky-Head-1,Rocky-Head-2,Rocky-Compute-1,Rocky-Compute-2,Rocky-Compute-3,Rocky-Compute-4,Rocky-Compute-5,Rocky-Compute-6,Rocky-Compute-7,Rocky-Compute-8 -m shell -a 'mountpoint -q /mnt/lustre'
  [Rocky-Compute-1] rc=0 unreachable=False stdout=''
  [Rocky-Compute-2] rc=0 unreachable=False stdout=''
  [Rocky-Compute-3] rc=0 unreachable=False stdout=''
  [Rocky-Compute-4] rc=0 unreachable=False stdout=''
  [Rocky-Compute-5] rc=0 unreachable=False stdout=''
  [Rocky-Compute-6] rc=0 unreachable=False stdout=''
  [Rocky-Compute-7] rc=0 unreachable=False stdout=''
  [Rocky-Compute-8] rc=0 unreachable=False stdout=''
  [Rocky-Head-1] rc=0 unreachable=False stdout=''
  [Rocky-Head-2] rc=0 unreachable=False stdout=''
  t=  483s  reachable 10/10  mounted 10/10
$ ansible Rocky-Head-1,Rocky-Head-2,Rocky-Compute-1,Rocky-Compute-2,Rocky-Compute-3,Rocky-Compute-4,Rocky-Compute-5,Rocky-Compute-6,Rocky-Compute-7,Rocky-Compute-8 -m shell -a "echo NOW=$(date +%s.%N); echo BTIME=$(awk '/^btime/{print $2}' /proc/stat); journalctl -u lustre-startup -b -o short-unix --no-pager 2>/dev/null | grep -E 'startup begin|Waiting for MGS|MGS reachable|startup complete|FATAL'"
  [Rocky-Compute-1] rc=0 unreachable=False stdout='NOW=1790867509.006928006\nBTIME=1790867128\n1790867147.603804 Rocky-Compute-1 lustre-startup[2254]: <13>Oct  1 17:05:47 lustre-startup: Lustre startup begin (host=Rocky-Compute-1)\n1790867147.670134 Rocky-Compute-1 lustre-startup[2313]: Waiting for MGS at 10.0.0.251@o2ib...\n1790867147.670336 Rocky-Compute-1 lustre-startup[2313]: <13>Oct  1 17:05:47 lustre-startup: Waiting for MGS at 10.0.0.251@o2ib...\n1790867478.311532 Rocky-Compute-1 lustre-startup[7059]: <13>Oct  1 17:11:18 lustre-startup: MGS reachable after 331s\n1790867489.865034 Rocky-Compute-1 lustre-startup[7353]: Lustre startup complete\n1790867489.865252 Rocky-Compute-1 lustre-startup[7353]: <13>Oct  1 17:11:29 lustre-startup: Lustre startup complete'
  [Rocky-Compute-2] rc=0 unreachable=False stdout='NOW=1790867508.959464346\nBTIME=1790867131\n1790867146.361378 Rocky-Compute-2 lustre-startup[2135]: <13>Oct  1 17:05:46 lustre-startup: Lustre startup begin (host=Rocky-Compute-2)\n1790867146.393422 Rocky-Compute-2 lustre-startup[2168]: Waiting for MGS at 10.0.0.251@o2ib...\n1790867146.393655 Rocky-Compute-2 lustre-startup[2168]: <13>Oct  1 17:05:46 lustre-startup: Waiting for MGS at 10.0.0.251@o2ib...\n1790867479.733491 Rocky-Compute-2 lustre-startup[6985]: <13>Oct  1 17:11:19 lustre-startup: MGS reachable after 333s\n1790867489.044808 Rocky-Compute-2 lustre-startup[7233]: Lustre startup complete\n1790867489.045055 Rocky-Compute-2 lustre-startup[7233]: <13>Oct  1 17:11:29 lustre-startup: Lustre startup complete'
  [Rocky-Compute-3] rc=0 unreachable=False stdout='NOW=1790867509.178304812\nBTIME=1790867136\n1790867151.533074 Rocky-Compute-3 lustre-startup[2128]: <13>Oct  1 17:05:51 lustre-startup: Lustre startup begin (host=Rocky-Compute-3)\n1790867151.567826 Rocky-Compute-3 lustre-startup[2161]: Waiting for MGS at 10.0.0.251@o2ib...\n1790867151.568011 Rocky-Compute-3 lustre-startup[2161]: <13>Oct  1 17:05:51 lustre-startup: Waiting for MGS at 10.0.0.251@o2ib...\n1790867479.209852 Rocky-Compute-3 lustre-startup[6943]: <13>Oct  1 17:11:19 lustre-startup: MGS reachable after 328s\n1790867489.746329 Rocky-Compute-3 lustre-startup[7227]: Lustre startup complete\n1790867489.746534 Rocky-Compute-3 lustre-startup[7227]: <13>Oct  1 17:11:29 lustre-startup: Lustre startup complete'
  [Rocky-Compute-4] rc=0 unreachable=False stdout='NOW=1790867509.496342742\nBTIME=1790867142\n1790867157.569074 Rocky-Compute-4 lustre-startup[2100]: <13>Oct  1 17:05:57 lustre-startup: Lustre startup begin (host=Rocky-Compute-4)\n1790867157.599915 Rocky-Compute-4 lustre-startup[2139]: Waiting for MGS at 10.0.0.251@o2ib...\n1790867157.600166 Rocky-Compute-4 lustre-startup[2139]: <13>Oct  1 17:05:57 lustre-startup: Waiting for MGS at 10.0.0.251@o2ib...\n1790867479.980080 Rocky-Compute-4 lustre-startup[6903]: <13>Oct  1 17:11:19 lustre-startup: MGS reachable after 322s\n1790867490.309037 Rocky-Compute-4 lustre-startup[7172]: Lustre startup complete\n1790867490.309249 Rocky-Compute-4 lustre-startup[7172]: <13>Oct  1 17:11:30 lustre-startup: Lustre startup complete'
  [Rocky-Compute-5] rc=0 unreachable=False stdout='NOW=1790867509.756257932\nBTIME=1790867152\n1790867167.671063 Rocky-Compute-5 lustre-startup[2137]: <13>Oct  1 17:06:07 lustre-startup: Lustre startup begin (host=Rocky-Compute-5)\n1790867167.706334 Rocky-Compute-5 lustre-startup[2169]: Waiting for MGS at 10.0.0.251@o2ib...\n1790867167.706531 Rocky-Compute-5 lustre-startup[2169]: <13>Oct  1 17:06:07 lustre-startup: Waiting for MGS at 10.0.0.251@o2ib...\n1790867478.756482 Rocky-Compute-5 lustre-startup[6879]: <13>Oct  1 17:11:18 lustre-startup: MGS reachable after 311s\n1790867490.702346 Rocky-Compute-5 lustre-startup[7174]: <13>Oct  1 17:11:30 lustre-startup: Lustre startup complete'
  [Rocky-Compute-6] rc=0 unreachable=False stdout='NOW=1790867509.559115327\nBTIME=1790867156\n1790867172.114701 Rocky-Compute-6 lustre-startup[2176]: <13>Oct  1 17:06:12 lustre-startup: Lustre startup begin (host=Rocky-Compute-6)\n1790867172.156127 Rocky-Compute-6 lustre-startup[2214]: Waiting for MGS at 10.0.0.251@o2ib...\n1790867172.156371 Rocky-Compute-6 lustre-startup[2214]: <13>Oct  1 17:06:12 lustre-startup: Waiting for MGS at 10.0.0.251@o2ib...\n1790867479.362551 Rocky-Compute-6 lustre-startup[6825]: <13>Oct  1 17:11:19 lustre-startup: MGS reachable after 307s\n1790867489.076572 Rocky-Compute-6 lustre-startup[7102]: <13>Oct  1 17:11:29 lustre-startup: Lustre startup complete'
  [Rocky-Compute-7] rc=0 unreachable=False stdout='NOW=1790867509.577192441\nBTIME=1790867162\n1790867181.593202 Rocky-Compute-7 lustre-startup[2166]: <13>Oct  1 17:06:21 lustre-startup: Lustre startup begin (host=Rocky-Compute-7)\n1790867181.635248 Rocky-Compute-7 lustre-startup[2202]: Waiting for MGS at 10.0.0.251@o2ib...\n1790867181.635437 Rocky-Compute-7 lustre-startup[2202]: <13>Oct  1 17:06:21 lustre-startup: Waiting for MGS at 10.0.0.251@o2ib...\n1790867479.364987 Rocky-Compute-7 lustre-startup[6749]: <13>Oct  1 17:11:19 lustre-startup: MGS reachable after 298s\n1790867489.710596 Rocky-Compute-7 lustre-startup[7025]: Lustre startup complete\n1790867489.710859 Rocky-Compute-7 lustre-startup[7025]: <13>Oct  1 17:11:29 lustre-startup: Lustre startup complete'
  [Rocky-Compute-8] rc=0 unreachable=False stdout='NOW=1790867509.930465178\nBTIME=1790867167\n1790867186.360583 Rocky-Compute-8 lustre-startup[2186]: Lustre startup begin (host=Rocky-Compute-8)\n1790867186.361031 Rocky-Compute-8 lustre-startup[2186]: <13>Oct  1 17:06:26 lustre-startup: Lustre startup begin (host=Rocky-Compute-8)\n1790867186.474820 Rocky-Compute-8 lustre-startup[2226]: Waiting for MGS at 10.0.0.251@o2ib...\n1790867186.475050 Rocky-Compute-8 lustre-startup[2226]: <13>Oct  1 17:06:26 lustre-startup: Waiting for MGS at 10.0.0.251@o2ib...\n1790867479.365687 Rocky-Compute-8 lustre-startup[6733]: <13>Oct  1 17:11:19 lustre-startup: MGS reachable after 293s\n1790867490.284954 Rocky-Compute-8 lustre-startup[7038]: <13>Oct  1 17:11:30 lustre-startup: Lustre startup complete'
  [Rocky-Head-1] rc=0 unreachable=False stdout='NOW=1790867509.029541015\nBTIME=1790867460\n1790867477.797898 Rocky-Head-1 lustre-startup[2196]: Lustre startup begin (host=Rocky-Head-1)\n1790867477.798210 Rocky-Head-1 lustre-startup[2196]: <13>Oct  1 17:11:17 lustre-startup: Lustre startup begin (host=Rocky-Head-1)\n1790867484.861760 Rocky-Head-1 lustre-startup[3838]: Lustre startup complete\n1790867484.862051 Rocky-Head-1 lustre-startup[3838]: <13>Oct  1 17:11:24 lustre-startup: Lustre startup complete'
  [Rocky-Head-2] rc=0 unreachable=False stdout='NOW=1790867509.004503928\nBTIME=1790867120\n1790867135.337829 Rocky-Head-2 lustre-startup[2166]: <13>Oct  1 17:05:35 lustre-startup: Lustre startup begin (host=Rocky-Head-2)\n1790867135.384344 Rocky-Head-2 lustre-startup[2208]: Waiting for MGS at 10.0.0.251@o2ib...\n1790867135.384545 Rocky-Head-2 lustre-startup[2208]: <13>Oct  1 17:05:35 lustre-startup: Waiting for MGS at 10.0.0.251@o2ib...\n1790867479.729667 Rocky-Head-2 lustre-startup[6780]: <13>Oct  1 17:11:19 lustre-startup: MGS reachable after 344s\n1790867492.054568 Rocky-Head-2 lustre-startup[7246]: <13>Oct  1 17:11:32 lustre-startup: Lustre startup complete'

  node              boot_s  begin_s mgswait_s mounted_s fatal
  Rocky-Head-1         435      452                 459     0
  Rocky-Head-2          95      110       344       467     0
  Rocky-Compute-1      103      122       331       464     0
  Rocky-Compute-2      106      121       333       464     0
  Rocky-Compute-3      110      126       328       464     0
  Rocky-Compute-4      116      132       322       464     0
  Rocky-Compute-5      126      142       311       465     0
  Rocky-Compute-6      130      146       307       463     0
  Rocky-Compute-7      136      156       298       464     0
  Rocky-Compute-8      141      160       293       464     0
$ ansible cluster -m shell -a 'echo "KERNEL=$(uname -r)"; echo "UNIT=$(systemctl is-active lustre-startup)";\nmountpoint -q /mnt/lustre && echo MOUNT=yes || echo MOUNT=no;\necho "OSTS=$(lctl dl 2>/dev/null | grep -c obdfilter)"; echo "NID=$(lctl list_nids 2>/dev/null | grep o2ib)";\necho "DMESG_ERR=$(dmesg 2>/dev/null | grep -c -E \'LustreError|LNetError|Call Trace|BUG:|soft lockup\')";\nfor f in symbol_error link_downed port_rcv_errors port_xmit_discards link_error_recovery; do\n  echo "IB_$f=$(cat /sys/class/infiniband/*/ports/1/counters/$f 2>/dev/null | head -1)"; done'
  [Rocky-Compute-1] rc=0 unreachable=False stdout='KERNEL=5.14.0-611.13.1_lustre.el9.x86_64\nUNIT=active\nMOUNT=yes\nOSTS=2\nNID=10.0.0.1@o2ib\nDMESG_ERR=16\nIB_symbol_error=0\nIB_link_downed=0\nIB_port_rcv_errors=0\nIB_port_xmit_discards=0\nIB_link_error_recovery=0'
  [Rocky-Compute-2] rc=0 unreachable=False stdout='KERNEL=5.14.0-611.13.1_lustre.el9.x86_64\nUNIT=active\nMOUNT=yes\nOSTS=2\nNID=10.0.0.2@o2ib\nDMESG_ERR=13\nIB_symbol_error=0\nIB_link_downed=0\nIB_port_rcv_errors=0\nIB_port_xmit_discards=0\nIB_link_error_recovery=0'
  [Rocky-Compute-3] rc=0 unreachable=False stdout='KERNEL=5.14.0-611.13.1_lustre.el9.x86_64\nUNIT=active\nMOUNT=yes\nOSTS=2\nNID=10.0.0.3@o2ib\nDMESG_ERR=18\nIB_symbol_error=0\nIB_link_downed=0\nIB_port_rcv_errors=0\nIB_port_xmit_discards=0\nIB_link_error_recovery=0'
  [Rocky-Compute-4] rc=0 unreachable=False stdout='KERNEL=5.14.0-611.13.1_lustre.el9.x86_64\nUNIT=active\nMOUNT=yes\nOSTS=2\nNID=10.0.0.4@o2ib\nDMESG_ERR=11\nIB_symbol_error=0\nIB_link_downed=0\nIB_port_rcv_errors=0\nIB_port_xmit_discards=0\nIB_link_error_recovery=0'
  [Rocky-Compute-5] rc=0 unreachable=False stdout='KERNEL=5.14.0-611.13.1_lustre.el9.x86_64\nUNIT=active\nMOUNT=yes\nOSTS=2\nNID=10.0.0.5@o2ib\nDMESG_ERR=16\nIB_symbol_error=0\nIB_link_downed=0\nIB_port_rcv_errors=0\nIB_port_xmit_discards=0\nIB_link_error_recovery=0'
  [Rocky-Compute-6] rc=0 unreachable=False stdout='KERNEL=5.14.0-611.13.1_lustre.el9.x86_64\nUNIT=active\nMOUNT=yes\nOSTS=2\nNID=10.0.0.6@o2ib\nDMESG_ERR=16\nIB_symbol_error=0\nIB_link_downed=0\nIB_port_rcv_errors=0\nIB_port_xmit_discards=0\nIB_link_error_recovery=0'
  [Rocky-Compute-7] rc=0 unreachable=False stdout='KERNEL=5.14.0-611.13.1_lustre.el9.x86_64\nUNIT=active\nMOUNT=yes\nOSTS=2\nNID=10.0.0.7@o2ib\nDMESG_ERR=11\nIB_symbol_error=0\nIB_link_downed=0\nIB_port_rcv_errors=0\nIB_port_xmit_discards=0\nIB_link_error_recovery=0'
  [Rocky-Compute-8] rc=0 unreachable=False stdout='KERNEL=5.14.0-611.13.1_lustre.el9.x86_64\nUNIT=active\nMOUNT=yes\nOSTS=2\nNID=10.0.0.8@o2ib\nDMESG_ERR=16\nIB_symbol_error=0\nIB_link_downed=0\nIB_port_rcv_errors=0\nIB_port_xmit_discards=0\nIB_link_error_recovery=0'
  [Rocky-Head-1] rc=0 unreachable=False stdout='KERNEL=5.14.0-611.13.1_lustre.el9.x86_64\nUNIT=active\nMOUNT=yes\nOSTS=0\nNID=10.0.0.251@o2ib\nDMESG_ERR=7\nIB_symbol_error=0\nIB_link_downed=0\nIB_port_rcv_errors=0\nIB_port_xmit_discards=0\nIB_link_error_recovery=0'
  [Rocky-Head-2] rc=0 unreachable=False stdout='KERNEL=5.14.0-611.13.1_lustre.el9.x86_64\nUNIT=active\nMOUNT=yes\nOSTS=0\nNID=10.0.0.252@o2ib\nDMESG_ERR=6\nIB_symbol_error=0\nIB_link_downed=0\nIB_port_rcv_errors=0\nIB_port_xmit_discards=0\nIB_link_error_recovery=0'
$ ansible Rocky-Head-1 -m shell -a 'timeout 90 lfs df 2>&1'
  [Rocky-Head-1] rc=0 unreachable=False stdout='UUID                   1K-blocks        Used   Available Use%  Mounted on\nlustrefs-MDT0000_UUID    70201032        3076    63931080   1%  /mnt/lustre[MDT:0] \nlustrefs-MDT0001_UUID    70201032        2984    63931172   1%  /mnt/lustre[MDT:1] \nlustrefs-OST0000_UUID   245171652        1544   232650772   1%  /mnt/lustre[OST:0] \nlustrefs-OST0001_UUID   245171652        1548   232650768   1%  /mnt/lustre[OST:1] \nlustrefs-OST0002_UUID   245171652        1548   232650768   1%  /mnt/lustre[OST:2] \nlustrefs-OST0003_UUID   245171652        1540   232650776   1%  /mnt/lustre[OST:3] \nlustrefs-OST0004_UUID   245171652        1552   232650764   1%  /mnt/lustre[OST:4] \nlustrefs-OST0005_UUID   245171652        1544   232650772   1%  /mnt/lustre[OST:5] \nlustrefs-OST0006_UUID   245171652        1544   232650772   1%  /mnt/lustre[OST:6] \nlustrefs-OST0007_UUID   245171652        1548   232650768   1%  /mnt/lustre[OST:7] \nlustrefs-OST0008_UUID   245171652        1544   232650772   1%  /mnt/lustre[OST:8] \nlustrefs-OST0009_UUID   245171652        1552   232650764   1%  /mnt/lustre[OST:9] \nlustrefs-OST000a_UUID   245171652        1544   232650772   1%  /mnt/lustre[OST:10] \nlustrefs-OST000b_UUID   245171652        1552   232650764   1%  /mnt/lustre[OST:11] \nlustrefs-OST000c_UUID   245171652        1544   232650772   1%  /mnt/lustre[OST:12] \nlustrefs-OST000d_UUID   245171652        1544   232650772   1%  /mnt/lustre[OST:13] \nlustrefs-OST000e_UUID   245171652        1552   232650764   1%  /mnt/lustre[OST:14] \nlustrefs-OST000f_UUID   245171652        1544   232650772   1%  /mnt/lustre[OST:15] \n\nfilesystem_summary:   3922746432       24744  3722412312   1%  /mnt/lustre'
--- after run 1: HEALTHY  (lfs df: 16 OST, 2 MDT, 3922746432)
  Rocky-Head-1     kernel=5.14.0-611.13.1_lustre.el9 unit=active  mount=yes osts=0 dmesg_err=7 nid=10.0.0.251@o2ib
  Rocky-Head-2     kernel=5.14.0-611.13.1_lustre.el9 unit=active  mount=yes osts=0 dmesg_err=6 nid=10.0.0.252@o2ib
  Rocky-Compute-1  kernel=5.14.0-611.13.1_lustre.el9 unit=active  mount=yes osts=2 dmesg_err=16 nid=10.0.0.1@o2ib
  Rocky-Compute-2  kernel=5.14.0-611.13.1_lustre.el9 unit=active  mount=yes osts=2 dmesg_err=13 nid=10.0.0.2@o2ib
  Rocky-Compute-3  kernel=5.14.0-611.13.1_lustre.el9 unit=active  mount=yes osts=2 dmesg_err=18 nid=10.0.0.3@o2ib
  Rocky-Compute-4  kernel=5.14.0-611.13.1_lustre.el9 unit=active  mount=yes osts=2 dmesg_err=11 nid=10.0.0.4@o2ib
  Rocky-Compute-5  kernel=5.14.0-611.13.1_lustre.el9 unit=active  mount=yes osts=2 dmesg_err=16 nid=10.0.0.5@o2ib
  Rocky-Compute-6  kernel=5.14.0-611.13.1_lustre.el9 unit=active  mount=yes osts=2 dmesg_err=16 nid=10.0.0.6@o2ib
  Rocky-Compute-7  kernel=5.14.0-611.13.1_lustre.el9 unit=active  mount=yes osts=2 dmesg_err=11 nid=10.0.0.7@o2ib
  Rocky-Compute-8  kernel=5.14.0-611.13.1_lustre.el9 unit=active  mount=yes osts=2 dmesg_err=16 nid=10.0.0.8@o2ib
=== run 1: 10/10 mounted
RESULT_JSON {"command": "coldboot", "runs": [{"run": 1, "mode": "graceful", "head1_delay": 240, "mounted": 10, "of": 10, "timed_out": false, "never": [], "healthy": true, "problems": [], "fatal_total": 0}]}

log: /home/kopy/Projects/UJEP-LAB/benchmarks/stability/logs/coldboot_20261001T170138.log
